
> snorreio@0.0.1 build
> astro build

Store config for satori-plugin
10:01:34 PM [content] No content directory found. Skipping type generation.
10:01:34 PM [build] output target: static
10:01:34 PM [build] Collecting build info...
10:01:34 PM [build] Completed in 222ms.
10:01:34 PM [build] Building static entrypoints...
